=== N=32 samples=30 variant=orth ===
Skipping import of cpp extensions due to incompatible torch version 2.9.1+cu128 for torchao version 0.13.0
plain [norm_l2] {
  "samples": 30,
  "top1": 1.0,
  "mrr": 1.0,
  "by_type": {
    "verification_code": {
      "samples": 30,
      "top1": 1.0,
      "mrr": 1.0
    }
  }
}
plain [gram_l2] {
  "samples": 30,
  "top1": 1.0,
  "mrr": 1.0,
  "by_type": {
    "verification_code": {
      "samples": 30,
      "top1": 1.0,
      "mrr": 1.0
    }
  }
}
protected_native [norm_l2] {
  "samples": 30,
  "top1": 1.0,
  "mrr": 1.0,
  "by_type": {
    "verification_code": {
      "samples": 30,
      "top1": 1.0,
      "mrr": 1.0
    }
  }
}
protected_native [gram_l2] {
  "samples": 30,
  "top1": 1.0,
  "mrr": 1.0,
  "by_type": {
    "verification_code": {
      "samples": 30,
      "top1": 1.0,
      "mrr": 1.0
    }
  }
}
Wrote experiments/runs/rq7_llama3p2_1b_N32_orth.json
=== N=32 samples=30 variant=affine ===
Skipping import of cpp extensions due to incompatible torch version 2.9.1+cu128 for torchao version 0.13.0
protected_native [norm_l2] {
  "samples": 30,
  "top1": 0.06666666666666667,
  "mrr": 0.1481118542519428,
  "by_type": {
    "verification_code": {
      "samples": 30,
      "top1": 0.06666666666666667,
      "mrr": 0.1481118542519428
    }
  }
}
protected_native [gram_l2] {
  "samples": 30,
  "top1": 0.0,
  "mrr": 0.10759925099286669,
  "by_type": {
    "verification_code": {
      "samples": 30,
      "top1": 0.0,
      "mrr": 0.10759925099286669
    }
  }
}
Wrote experiments/runs/rq7_llama3p2_1b_N32_affine.json
=== N=100 samples=30 variant=orth ===
Skipping import of cpp extensions due to incompatible torch version 2.9.1+cu128 for torchao version 0.13.0
plain [norm_l2] {
  "samples": 30,
  "top1": 1.0,
  "mrr": 1.0,
  "by_type": {
    "verification_code": {
      "samples": 30,
      "top1": 1.0,
      "mrr": 1.0
    }
  }
}
plain [gram_l2] {
  "samples": 30,
  "top1": 1.0,
  "mrr": 1.0,
  "by_type": {
    "verification_code": {
      "samples": 30,
      "top1": 1.0,
      "mrr": 1.0
    }
  }
}
protected_native [norm_l2] {
  "samples": 30,
  "top1": 1.0,
  "mrr": 1.0,
  "by_type": {
    "verification_code": {
      "samples": 30,
      "top1": 1.0,
      "mrr": 1.0
    }
  }
}
protected_native [gram_l2] {
  "samples": 30,
  "top1": 1.0,
  "mrr": 1.0,
  "by_type": {
    "verification_code": {
      "samples": 30,
      "top1": 1.0,
      "mrr": 1.0
    }
  }
}
Wrote experiments/runs/rq7_llama3p2_1b_N100_orth.json
=== N=100 samples=30 variant=affine ===
Skipping import of cpp extensions due to incompatible torch version 2.9.1+cu128 for torchao version 0.13.0
protected_native [norm_l2] {
  "samples": 30,
  "top1": 0.0,
  "mrr": 0.047207597719332146,
  "by_type": {
    "verification_code": {
      "samples": 30,
      "top1": 0.0,
      "mrr": 0.047207597719332146
    }
  }
}
protected_native [gram_l2] {
  "samples": 30,
  "top1": 0.0,
  "mrr": 0.03415078971772104,
  "by_type": {
    "verification_code": {
      "samples": 30,
      "top1": 0.0,
      "mrr": 0.03415078971772104
    }
  }
}
Wrote experiments/runs/rq7_llama3p2_1b_N100_affine.json
=== N=1000 samples=20 variant=orth ===
Skipping import of cpp extensions due to incompatible torch version 2.9.1+cu128 for torchao version 0.13.0
plain [norm_l2] {
  "samples": 20,
  "top1": 1.0,
  "mrr": 1.0,
  "by_type": {
    "verification_code": {
      "samples": 20,
      "top1": 1.0,
      "mrr": 1.0
    }
  }
}
plain [gram_l2] {
  "samples": 20,
  "top1": 1.0,
  "mrr": 1.0,
  "by_type": {
    "verification_code": {
      "samples": 20,
      "top1": 1.0,
      "mrr": 1.0
    }
  }
}
protected_native [norm_l2] {
  "samples": 20,
  "top1": 1.0,
  "mrr": 1.0,
  "by_type": {
    "verification_code": {
      "samples": 20,
      "top1": 1.0,
      "mrr": 1.0
    }
  }
}
protected_native [gram_l2] {
  "samples": 20,
  "top1": 1.0,
  "mrr": 1.0,
  "by_type": {
    "verification_code": {
      "samples": 20,
      "top1": 1.0,
      "mrr": 1.0
    }
  }
}
Wrote experiments/runs/rq7_llama3p2_1b_N1000_orth.json
=== N=1000 samples=20 variant=affine ===
Skipping import of cpp extensions due to incompatible torch version 2.9.1+cu128 for torchao version 0.13.0
protected_native [norm_l2] {
  "samples": 20,
  "top1": 0.0,
  "mrr": 0.007757038286161161,
  "by_type": {
    "verification_code": {
      "samples": 20,
      "top1": 0.0,
      "mrr": 0.007757038286161161
    }
  }
}
protected_native [gram_l2] {
  "samples": 20,
  "top1": 0.0,
  "mrr": 0.007630503028253885,
  "by_type": {
    "verification_code": {
      "samples": 20,
      "top1": 0.0,
      "mrr": 0.007630503028253885
    }
  }
}
Wrote experiments/runs/rq7_llama3p2_1b_N1000_affine.json
RQ7 DONE
