=================================================================
[23:41:30] START: J3 affine perf (plain vs affine, long horizon)
Skipping import of cpp extensions due to incompatible torch version 2.9.1+cu128 for torchao version 0.13.0
{
  "mode": "plain",
  "prompt_length": 64,
  "decode_tokens": 128,
  "repeats": 8,
  "prefill_s": {
    "mean": 0.03281048887220095,
    "std": 0.0005093954280237724,
    "min": 0.03230440599145368,
    "max": 0.033811733010225
  },
  "decode_s": {
    "mean": 3.7655474398779916,
    "std": 0.022333352511311882,
    "min": 3.7346055539965164,
    "max": 3.8088785680010915
  },
  "decode_tokens_per_s": {
    "mean": 33.99359246986032,
    "std": 0.20082879356046274,
    "min": 33.605691994317034,
    "max": 34.27403460668644
  },
  "kv_cache_bytes_after_decode": 44040192
}
{
  "mode": "plain",
  "prompt_length": 256,
  "decode_tokens": 128,
  "repeats": 8,
  "prefill_s": {
    "mean": 0.042025894621474436,
    "std": 0.00016290747030939552,
    "min": 0.04182437798590399,
    "max": 0.04230477899545804
  },
  "decode_s": {
    "mean": 3.751189174497995,
    "std": 0.018102542930705706,
    "min": 3.733274858997902,
    "max": 3.782141381991096
  },
  "decode_tokens_per_s": {
    "mean": 34.12330518467787,
    "std": 0.1642320550404699,
    "min": 33.84326154740805,
    "max": 34.28625130332841
  },
  "kv_cache_bytes_after_decode": 88080384
}
{
  "mode": "plain",
  "prompt_length": 1024,
  "decode_tokens": 128,
  "repeats": 8,
  "prefill_s": {
    "mean": 0.1284662915059016,
    "std": 0.0052185769731476735,
    "min": 0.11898201200529002,
    "max": 0.13309944400680251
  },
  "decode_s": {
    "mean": 3.7576464313824545,
    "std": 0.060906398234658626,
    "min": 3.730105384980561,
    "max": 3.91819012502674
  },
  "decode_tokens_per_s": {
    "mean": 34.07251413363081,
    "std": 0.5329719240817467,
    "min": 32.668144198114035,
    "max": 34.315384362972104
  },
  "kv_cache_bytes_after_decode": 264241152
}
{
  "mode": "wrapped",
  "prompt_length": 64,
  "decode_tokens": 128,
  "repeats": 8,
  "prefill_s": {
    "mean": 1.6518154346194933,
    "std": 0.006750757207403884,
    "min": 1.6408340240013786,
    "max": 1.661373968992848
  },
  "decode_s": {
    "mean": 213.59863246849636,
    "std": 1.3349052077284513,
    "min": 212.12813491100678,
    "max": 216.37178113198024
  },
  "decode_tokens_per_s": {
    "mean": 0.5992780272474292,
    "std": 0.0037209779201786055,
    "min": 0.5915743694965652,
    "max": 0.6034088785709604
  },
  "kv_cache_bytes_after_decode": 44040192
}
{
  "mode": "wrapped",
  "prompt_length": 256,
  "decode_tokens": 128,
  "repeats": 8,
  "prefill_s": {
    "mean": 6.495565054126928,
    "std": 0.05314880424224847,
    "min": 6.449291533004725,
    "max": 6.6085043550119735
  },
  "decode_s": {
    "mean": 527.4702392804975,
    "std": 8.893151426760413,
    "min": 516.9027563699929,
    "max": 541.8422381890123
  },
  "decode_tokens_per_s": {
    "mean": 0.24273639936089794,
    "std": 0.004073778590023661,
    "min": 0.2362311222318357,
    "max": 0.24762878205350317
  },
  "kv_cache_bytes_after_decode": 88080384
}
